VWAP_MR_USDRUBF FROZEN_V2__NONE C1_T10 signals 1464 trades 548 mismatches 0
VWAP_MR_USDRUBF FROZEN_V2__M30 C1_T10 signals 1464 trades 350 mismatches 0
VWAP_MR_USDRUBF PAYABLE_CAP_ENTRY__NONE C1_T10 signals 1464 trades 105 mismatches 0
VWAP_MR_USDRUBF PAYABLE_CAP_ENTRY__M30 C1_T10 signals 1464 trades 58 mismatches 0
VWAP_MR_USDRUBF PAYABLE_CAP_ENTRY__M15 C1_T10 signals 1464 trades 67 mismatches 0
VWAP_MR_USDRUBF PAYABLE_CAP_FULL_M5__NONE C1_T10 signals 1464 trades 34 mismatches 0
VWAP_MR_USDRUBF PAYABLE_CAP_FULL_M5__M30 C1_T10 signals 1464 trades 24 mismatches 0
VWAP_MR_USDRUBF PAYABLE_CAP_FULL_M5__M15 C1_T10 signals 1464 trades 25 mismatches 0
VWAP_MR_USDRUBF FROZEN_V2__NONE C1_T15_DELAY signals 1433 trades 458 mismatches 0
VWAP_MR_USDRUBF FROZEN_V2__M30 C1_T15_DELAY signals 1433 trades 292 mismatches 0
VWAP_MR_USDRUBF PAYABLE_CAP_ENTRY__NONE C1_T15_DELAY signals 1433 trades 100 mismatches 0
VWAP_MR_USDRUBF PAYABLE_CAP_ENTRY__M30 C1_T15_DELAY signals 1433 trades 54 mismatches 0
VWAP_MR_USDRUBF PAYABLE_CAP_ENTRY__M15 C1_T15_DELAY signals 1433 trades 72 mismatches 0
VWAP_MR_USDRUBF PAYABLE_CAP_FULL_M5__NONE C1_T15_DELAY signals 1433 trades 32 mismatches 0
VWAP_MR_USDRUBF PAYABLE_CAP_FULL_M5__M30 C1_T15_DELAY signals 1433 trades 19 mismatches 0
VWAP_MR_USDRUBF PAYABLE_CAP_FULL_M5__M15 C1_T15_DELAY signals 1433 trades 27 mismatches 0
VWAP_MR_CNYRUBF FROZEN_V2__NONE C1_T10 signals 1055 trades 367 mismatches 0
VWAP_MR_CNYRUBF FROZEN_V2__M30 C1_T10 signals 1055 trades 251 mismatches 0
VWAP_MR_CNYRUBF PAYABLE_CAP_ENTRY__NONE C1_T10 signals 1055 trades 37 mismatches 0
VWAP_MR_CNYRUBF PAYABLE_CAP_ENTRY__M30 C1_T10 signals 1055 trades 25 mismatches 0
VWAP_MR_CNYRUBF PAYABLE_CAP_ENTRY__M15 C1_T10 signals 1055 trades 29 mismatches 0
VWAP_MR_CNYRUBF PAYABLE_CAP_FULL_M5__NONE C1_T10 signals 1055 trades 11 mismatches 0
VWAP_MR_CNYRUBF PAYABLE_CAP_FULL_M5__M30 C1_T10 signals 1055 trades 7 mismatches 0
VWAP_MR_CNYRUBF PAYABLE_CAP_FULL_M5__M15 C1_T10 signals 1055 trades 8 mismatches 0
VWAP_MR_CNYRUBF FROZEN_V2__NONE C1_T15_DELAY signals 1035 trades 305 mismatches 0
VWAP_MR_CNYRUBF FROZEN_V2__M30 C1_T15_DELAY signals 1035 trades 217 mismatches 0
VWAP_MR_CNYRUBF PAYABLE_CAP_ENTRY__NONE C1_T15_DELAY signals 1035 trades 36 mismatches 0
VWAP_MR_CNYRUBF PAYABLE_CAP_ENTRY__M30 C1_T15_DELAY signals 1035 trades 18 mismatches 0
VWAP_MR_CNYRUBF PAYABLE_CAP_ENTRY__M15 C1_T15_DELAY signals 1035 trades 30 mismatches 0
VWAP_MR_CNYRUBF PAYABLE_CAP_FULL_M5__NONE C1_T15_DELAY signals 1035 trades 17 mismatches 0
VWAP_MR_CNYRUBF PAYABLE_CAP_FULL_M5__M30 C1_T15_DELAY signals 1035 trades 9 mismatches 0
VWAP_MR_CNYRUBF PAYABLE_CAP_FULL_M5__M15 C1_T15_DELAY signals 1035 trades 15 mismatches 0
VWAP_MR_GLDRUBF FROZEN_V2__NONE C1_T10 signals 360 trades 126 mismatches 0
VWAP_MR_GLDRUBF FROZEN_V2__M30 C1_T10 signals 360 trades 71 mismatches 0
VWAP_MR_GLDRUBF PAYABLE_CAP_ENTRY__NONE C1_T10 signals 360 trades 64 mismatches 0
VWAP_MR_GLDRUBF PAYABLE_CAP_ENTRY__M30 C1_T10 signals 360 trades 33 mismatches 0
VWAP_MR_GLDRUBF PAYABLE_CAP_ENTRY__M15 C1_T10 signals 360 trades 36 mismatches 0
VWAP_MR_GLDRUBF PAYABLE_CAP_FULL_M5__NONE C1_T10 signals 360 trades 15 mismatches 0
VWAP_MR_GLDRUBF PAYABLE_CAP_FULL_M5__M30 C1_T10 signals 360 trades 12 mismatches 0
VWAP_MR_GLDRUBF PAYABLE_CAP_FULL_M5__M15 C1_T10 signals 360 trades 8 mismatches 0
VWAP_MR_GLDRUBF FROZEN_V2__NONE C1_T15_DELAY signals 353 trades 115 mismatches 0
VWAP_MR_GLDRUBF FROZEN_V2__M30 C1_T15_DELAY signals 353 trades 65 mismatches 0
VWAP_MR_GLDRUBF PAYABLE_CAP_ENTRY__NONE C1_T15_DELAY signals 353 trades 48 mismatches 0
VWAP_MR_GLDRUBF PAYABLE_CAP_ENTRY__M30 C1_T15_DELAY signals 353 trades 25 mismatches 0
VWAP_MR_GLDRUBF PAYABLE_CAP_ENTRY__M15 C1_T15_DELAY signals 353 trades 31 mismatches 0
VWAP_MR_GLDRUBF PAYABLE_CAP_FULL_M5__NONE C1_T15_DELAY signals 353 trades 12 mismatches 0
VWAP_MR_GLDRUBF PAYABLE_CAP_FULL_M5__M30 C1_T15_DELAY signals 353 trades 9 mismatches 0
VWAP_MR_GLDRUBF PAYABLE_CAP_FULL_M5__M15 C1_T15_DELAY signals 353 trades 8 mismatches 0
VWAP_MR_IMOEXF FROZEN_V2__NONE C1_T10 signals 60 trades 21 mismatches 0
VWAP_MR_IMOEXF FROZEN_V2__M30 C1_T10 signals 60 trades 9 mismatches 0
VWAP_MR_IMOEXF PAYABLE_CAP_ENTRY__NONE C1_T10 signals 60 trades 5 mismatches 0
VWAP_MR_IMOEXF PAYABLE_CAP_ENTRY__M30 C1_T10 signals 60 trades 2 mismatches 0
VWAP_MR_IMOEXF PAYABLE_CAP_ENTRY__M15 C1_T10 signals 60 trades 4 mismatches 0
VWAP_MR_IMOEXF PAYABLE_CAP_FULL_M5__NONE C1_T10 signals 60 trades 0 mismatches 0
VWAP_MR_IMOEXF PAYABLE_CAP_FULL_M5__M30 C1_T10 signals 60 trades 0 mismatches 0
VWAP_MR_IMOEXF PAYABLE_CAP_FULL_M5__M15 C1_T10 signals 60 trades 0 mismatches 0
VWAP_MR_IMOEXF FROZEN_V2__NONE C1_T15_DELAY signals 59 trades 18 mismatches 0
VWAP_MR_IMOEXF FROZEN_V2__M30 C1_T15_DELAY signals 59 trades 11 mismatches 0
VWAP_MR_IMOEXF PAYABLE_CAP_ENTRY__NONE C1_T15_DELAY signals 59 trades 3 mismatches 0
VWAP_MR_IMOEXF PAYABLE_CAP_ENTRY__M30 C1_T15_DELAY signals 59 trades 2 mismatches 0
VWAP_MR_IMOEXF PAYABLE_CAP_ENTRY__M15 C1_T15_DELAY signals 59 trades 3 mismatches 0
VWAP_MR_IMOEXF PAYABLE_CAP_FULL_M5__NONE C1_T15_DELAY signals 59 trades 0 mismatches 0
VWAP_MR_IMOEXF PAYABLE_CAP_FULL_M5__M30 C1_T15_DELAY signals 59 trades 0 mismatches 0
VWAP_MR_IMOEXF PAYABLE_CAP_FULL_M5__M15 C1_T15_DELAY signals 59 trades 0 mismatches 0
MOMENTUM_USDRUBF FROZEN_V2__NONE C1_T10 signals 2621 trades 595 mismatches 0
MOMENTUM_USDRUBF FROZEN_V2__M30 C1_T10 signals 2621 trades 263 mismatches 0
MOMENTUM_USDRUBF ENTRY_MANAGEMENT__NONE C1_T10 signals 2621 trades 197 mismatches 0
MOMENTUM_USDRUBF ENTRY_MANAGEMENT__M30 C1_T10 signals 2621 trades 93 mismatches 0
MOMENTUM_USDRUBF ENTRY_MANAGEMENT__H1 C1_T10 signals 2621 trades 30 mismatches 0
MOMENTUM_USDRUBF FULL_M5__NONE C1_T10 signals 2621 trades 41 mismatches 0
MOMENTUM_USDRUBF FULL_M5__M30 C1_T10 signals 2621 trades 22 mismatches 0
MOMENTUM_USDRUBF FULL_M5__H1 C1_T10 signals 2621 trades 14 mismatches 0
MOMENTUM_USDRUBF FROZEN_V2__NONE C1_T15_DELAY signals 2570 trades 460 mismatches 0
MOMENTUM_USDRUBF FROZEN_V2__M30 C1_T15_DELAY signals 2570 trades 215 mismatches 0
MOMENTUM_USDRUBF ENTRY_MANAGEMENT__NONE C1_T15_DELAY signals 2570 trades 136 mismatches 0
MOMENTUM_USDRUBF ENTRY_MANAGEMENT__M30 C1_T15_DELAY signals 2570 trades 65 mismatches 0
MOMENTUM_USDRUBF ENTRY_MANAGEMENT__H1 C1_T15_DELAY signals 2570 trades 21 mismatches 0
MOMENTUM_USDRUBF FULL_M5__NONE C1_T15_DELAY signals 2570 trades 25 mismatches 0
MOMENTUM_USDRUBF FULL_M5__M30 C1_T15_DELAY signals 2570 trades 17 mismatches 0
MOMENTUM_USDRUBF FULL_M5__H1 C1_T15_DELAY signals 2570 trades 10 mismatches 0
MOMENTUM_CNYRUBF FROZEN_V2__NONE C1_T10 signals 1309 trades 313 mismatches 0
MOMENTUM_CNYRUBF FROZEN_V2__M30 C1_T10 signals 1309 trades 123 mismatches 0
MOMENTUM_CNYRUBF ENTRY_MANAGEMENT__NONE C1_T10 signals 1309 trades 58 mismatches 0
MOMENTUM_CNYRUBF ENTRY_MANAGEMENT__M30 C1_T10 signals 1309 trades 26 mismatches 0
MOMENTUM_CNYRUBF ENTRY_MANAGEMENT__H1 C1_T10 signals 1309 trades 10 mismatches 0
MOMENTUM_CNYRUBF FULL_M5__NONE C1_T10 signals 1309 trades 11 mismatches 0
MOMENTUM_CNYRUBF FULL_M5__M30 C1_T10 signals 1309 trades 8 mismatches 0
MOMENTUM_CNYRUBF FULL_M5__H1 C1_T10 signals 1309 trades 5 mismatches 0
MOMENTUM_CNYRUBF FROZEN_V2__NONE C1_T15_DELAY signals 1279 trades 259 mismatches 0
MOMENTUM_CNYRUBF FROZEN_V2__M30 C1_T15_DELAY signals 1279 trades 88 mismatches 0
MOMENTUM_CNYRUBF ENTRY_MANAGEMENT__NONE C1_T15_DELAY signals 1279 trades 37 mismatches 0
MOMENTUM_CNYRUBF ENTRY_MANAGEMENT__M30 C1_T15_DELAY signals 1279 trades 11 mismatches 0
MOMENTUM_CNYRUBF ENTRY_MANAGEMENT__H1 C1_T15_DELAY signals 1279 trades 2 mismatches 0
MOMENTUM_CNYRUBF FULL_M5__NONE C1_T15_DELAY signals 1279 trades 6 mismatches 0
MOMENTUM_CNYRUBF FULL_M5__M30 C1_T15_DELAY signals 1279 trades 4 mismatches 0
MOMENTUM_CNYRUBF FULL_M5__H1 C1_T15_DELAY signals 1279 trades 1 mismatches 0
MOMENTUM_GLDRUBF FROZEN_V2__NONE C1_T10 signals 821 trades 147 mismatches 0
MOMENTUM_GLDRUBF FROZEN_V2__M30 C1_T10 signals 821 trades 61 mismatches 0
MOMENTUM_GLDRUBF ENTRY_MANAGEMENT__NONE C1_T10 signals 821 trades 39 mismatches 0
MOMENTUM_GLDRUBF ENTRY_MANAGEMENT__M30 C1_T10 signals 821 trades 17 mismatches 0
MOMENTUM_GLDRUBF ENTRY_MANAGEMENT__H1 C1_T10 signals 821 trades 4 mismatches 0
MOMENTUM_GLDRUBF FULL_M5__NONE C1_T10 signals 821 trades 7 mismatches 0
MOMENTUM_GLDRUBF FULL_M5__M30 C1_T10 signals 821 trades 5 mismatches 0
MOMENTUM_GLDRUBF FULL_M5__H1 C1_T10 signals 821 trades 1 mismatches 0
MOMENTUM_GLDRUBF FROZEN_V2__NONE C1_T15_DELAY signals 801 trades 129 mismatches 0
MOMENTUM_GLDRUBF FROZEN_V2__M30 C1_T15_DELAY signals 801 trades 59 mismatches 0
MOMENTUM_GLDRUBF ENTRY_MANAGEMENT__NONE C1_T15_DELAY signals 801 trades 33 mismatches 0
MOMENTUM_GLDRUBF ENTRY_MANAGEMENT__M30 C1_T15_DELAY signals 801 trades 13 mismatches 0
MOMENTUM_GLDRUBF ENTRY_MANAGEMENT__H1 C1_T15_DELAY signals 801 trades 5 mismatches 0
MOMENTUM_GLDRUBF FULL_M5__NONE C1_T15_DELAY signals 801 trades 8 mismatches 0
MOMENTUM_GLDRUBF FULL_M5__M30 C1_T15_DELAY signals 801 trades 3 mismatches 0
MOMENTUM_GLDRUBF FULL_M5__H1 C1_T15_DELAY signals 801 trades 3 mismatches 0
MOMENTUM_IMOEXF FROZEN_V2__NONE C1_T10 signals 123 trades 23 mismatches 0
MOMENTUM_IMOEXF FROZEN_V2__M30 C1_T10 signals 123 trades 13 mismatches 0
MOMENTUM_IMOEXF ENTRY_MANAGEMENT__NONE C1_T10 signals 123 trades 4 mismatches 0
MOMENTUM_IMOEXF ENTRY_MANAGEMENT__M30 C1_T10 signals 123 trades 3 mismatches 0
MOMENTUM_IMOEXF ENTRY_MANAGEMENT__H1 C1_T10 signals 123 trades 1 mismatches 0
MOMENTUM_IMOEXF FULL_M5__NONE C1_T10 signals 123 trades 2 mismatches 0
MOMENTUM_IMOEXF FULL_M5__M30 C1_T10 signals 123 trades 0 mismatches 0
MOMENTUM_IMOEXF FULL_M5__H1 C1_T10 signals 123 trades 0 mismatches 0
MOMENTUM_IMOEXF FROZEN_V2__NONE C1_T15_DELAY signals 121 trades 28 mismatches 0
MOMENTUM_IMOEXF FROZEN_V2__M30 C1_T15_DELAY signals 121 trades 13 mismatches 0
MOMENTUM_IMOEXF ENTRY_MANAGEMENT__NONE C1_T15_DELAY signals 121 trades 5 mismatches 0
MOMENTUM_IMOEXF ENTRY_MANAGEMENT__M30 C1_T15_DELAY signals 121 trades 3 mismatches 0
MOMENTUM_IMOEXF ENTRY_MANAGEMENT__H1 C1_T15_DELAY signals 121 trades 0 mismatches 0
MOMENTUM_IMOEXF FULL_M5__NONE C1_T15_DELAY signals 121 trades 0 mismatches 0
MOMENTUM_IMOEXF FULL_M5__M30 C1_T15_DELAY signals 121 trades 0 mismatches 0
MOMENTUM_IMOEXF FULL_M5__H1 C1_T15_DELAY signals 121 trades 0 mismatches 0
