USDRUBF VWAP_MR C1_T10 FROZEN_V2__NONE 548 3 -15.96
USDRUBF VWAP_MR C1_T10 FROZEN_V2__M30 350 3 -9.16
USDRUBF VWAP_MR C1_T10 PAYABLE_CAP_ENTRY__NONE 105 0 -1.67
USDRUBF VWAP_MR C1_T10 PAYABLE_CAP_ENTRY__M30 58 0 -0.96
USDRUBF VWAP_MR C1_T10 PAYABLE_CAP_ENTRY__M15 67 0 -0.97
USDRUBF VWAP_MR C1_T10 PAYABLE_CAP_FULL_M5__NONE 34 0 -0.41
USDRUBF VWAP_MR C1_T10 PAYABLE_CAP_FULL_M5__M30 24 0 -0.64
USDRUBF VWAP_MR C1_T10 PAYABLE_CAP_FULL_M5__M15 25 0 -0.10
USDRUBF VWAP_MR C1_T15_DELAY FROZEN_V2__NONE 458 4 -12.26
USDRUBF VWAP_MR C1_T15_DELAY FROZEN_V2__M30 292 2 -6.88
USDRUBF VWAP_MR C1_T15_DELAY PAYABLE_CAP_ENTRY__NONE 100 0 -2.52
USDRUBF VWAP_MR C1_T15_DELAY PAYABLE_CAP_ENTRY__M30 54 0 -0.48
USDRUBF VWAP_MR C1_T15_DELAY PAYABLE_CAP_ENTRY__M15 72 0 -1.71
USDRUBF VWAP_MR C1_T15_DELAY PAYABLE_CAP_FULL_M5__NONE 32 0 -1.54
USDRUBF VWAP_MR C1_T15_DELAY PAYABLE_CAP_FULL_M5__M30 19 0 -0.82
USDRUBF VWAP_MR C1_T15_DELAY PAYABLE_CAP_FULL_M5__M15 27 0 -1.18
CNYRUBF VWAP_MR C1_T10 FROZEN_V2__NONE 367 22 -5.811
CNYRUBF VWAP_MR C1_T10 FROZEN_V2__M30 251 19 -3.921
CNYRUBF VWAP_MR C1_T10 PAYABLE_CAP_ENTRY__NONE 37 0 0.001
CNYRUBF VWAP_MR C1_T10 PAYABLE_CAP_ENTRY__M30 25 0 -0.055
CNYRUBF VWAP_MR C1_T10 PAYABLE_CAP_ENTRY__M15 29 0 -0.021
CNYRUBF VWAP_MR C1_T10 PAYABLE_CAP_FULL_M5__NONE 11 0 -0.029
CNYRUBF VWAP_MR C1_T10 PAYABLE_CAP_FULL_M5__M30 7 0 -0.024
CNYRUBF VWAP_MR C1_T10 PAYABLE_CAP_FULL_M5__M15 8 0 -0.045
CNYRUBF VWAP_MR C1_T15_DELAY FROZEN_V2__NONE 305 20 -4.277
CNYRUBF VWAP_MR C1_T15_DELAY FROZEN_V2__M30 217 15 -3.336
CNYRUBF VWAP_MR C1_T15_DELAY PAYABLE_CAP_ENTRY__NONE 36 0 0.004
CNYRUBF VWAP_MR C1_T15_DELAY PAYABLE_CAP_ENTRY__M30 18 0 -0.017
CNYRUBF VWAP_MR C1_T15_DELAY PAYABLE_CAP_ENTRY__M15 30 0 -0.026
CNYRUBF VWAP_MR C1_T15_DELAY PAYABLE_CAP_FULL_M5__NONE 17 0 -0.094
CNYRUBF VWAP_MR C1_T15_DELAY PAYABLE_CAP_FULL_M5__M30 9 0 -0.042
CNYRUBF VWAP_MR C1_T15_DELAY PAYABLE_CAP_FULL_M5__M15 15 0 -0.062
GLDRUBF VWAP_MR C1_T10 FROZEN_V2__NONE 126 12 -73.8
GLDRUBF VWAP_MR C1_T10 FROZEN_V2__M30 71 6 -73.5
GLDRUBF VWAP_MR C1_T10 PAYABLE_CAP_ENTRY__NONE 64 4 36.5
GLDRUBF VWAP_MR C1_T10 PAYABLE_CAP_ENTRY__M30 33 2 1.7
GLDRUBF VWAP_MR C1_T10 PAYABLE_CAP_ENTRY__M15 36 2 56.1
GLDRUBF VWAP_MR C1_T10 PAYABLE_CAP_FULL_M5__NONE 15 1 23.7
GLDRUBF VWAP_MR C1_T10 PAYABLE_CAP_FULL_M5__M30 12 0 29.9
GLDRUBF VWAP_MR C1_T10 PAYABLE_CAP_FULL_M5__M15 8 1 24.3
GLDRUBF VWAP_MR C1_T15_DELAY FROZEN_V2__NONE 115 9 -47.2
GLDRUBF VWAP_MR C1_T15_DELAY FROZEN_V2__M30 65 6 -59.4
GLDRUBF VWAP_MR C1_T15_DELAY PAYABLE_CAP_ENTRY__NONE 48 4 29.8
GLDRUBF VWAP_MR C1_T15_DELAY PAYABLE_CAP_ENTRY__M30 25 4 4.3
GLDRUBF VWAP_MR C1_T15_DELAY PAYABLE_CAP_ENTRY__M15 31 2 17.9
GLDRUBF VWAP_MR C1_T15_DELAY PAYABLE_CAP_FULL_M5__NONE 12 3 33.6
GLDRUBF VWAP_MR C1_T15_DELAY PAYABLE_CAP_FULL_M5__M30 9 2 39.7
GLDRUBF VWAP_MR C1_T15_DELAY PAYABLE_CAP_FULL_M5__M15 8 2 29.3
IMOEXF VWAP_MR C1_T10 FROZEN_V2__NONE 21 8 23.5
IMOEXF VWAP_MR C1_T10 FROZEN_V2__M30 9 3 7.0
IMOEXF VWAP_MR C1_T10 PAYABLE_CAP_ENTRY__NONE 5 1 18.0
IMOEXF VWAP_MR C1_T10 PAYABLE_CAP_ENTRY__M30 2 0 3.0
IMOEXF VWAP_MR C1_T10 PAYABLE_CAP_ENTRY__M15 4 1 13.0
IMOEXF VWAP_MR C1_T10 PAYABLE_CAP_FULL_M5__NONE 0 0 None
IMOEXF VWAP_MR C1_T10 PAYABLE_CAP_FULL_M5__M30 0 0 None
IMOEXF VWAP_MR C1_T10 PAYABLE_CAP_FULL_M5__M15 0 0 None
IMOEXF VWAP_MR C1_T15_DELAY FROZEN_V2__NONE 18 3 22.5
IMOEXF VWAP_MR C1_T15_DELAY FROZEN_V2__M30 11 1 5.5
IMOEXF VWAP_MR C1_T15_DELAY PAYABLE_CAP_ENTRY__NONE 3 0 12.0
IMOEXF VWAP_MR C1_T15_DELAY PAYABLE_CAP_ENTRY__M30 2 0 1.5
IMOEXF VWAP_MR C1_T15_DELAY PAYABLE_CAP_ENTRY__M15 3 0 12.0
IMOEXF VWAP_MR C1_T15_DELAY PAYABLE_CAP_FULL_M5__NONE 0 0 None
IMOEXF VWAP_MR C1_T15_DELAY PAYABLE_CAP_FULL_M5__M30 0 0 None
IMOEXF VWAP_MR C1_T15_DELAY PAYABLE_CAP_FULL_M5__M15 0 0 None
USDRUBF MOMENTUM C1_T10 FROZEN_V2__NONE 595 1 -9.15
USDRUBF MOMENTUM C1_T10 FROZEN_V2__M30 263 1 -1.15
USDRUBF MOMENTUM C1_T10 ENTRY_MANAGEMENT__NONE 197 0 -3.32
USDRUBF MOMENTUM C1_T10 ENTRY_MANAGEMENT__M30 93 0 -0.88
USDRUBF MOMENTUM C1_T10 ENTRY_MANAGEMENT__H1 30 0 -0.13
USDRUBF MOMENTUM C1_T10 FULL_M5__NONE 41 0 -1.22
USDRUBF MOMENTUM C1_T10 FULL_M5__M30 22 0 0.46
USDRUBF MOMENTUM C1_T10 FULL_M5__H1 14 0 -0.22
USDRUBF MOMENTUM C1_T15_DELAY FROZEN_V2__NONE 460 1 -6.99
USDRUBF MOMENTUM C1_T15_DELAY FROZEN_V2__M30 215 0 -0.47
USDRUBF MOMENTUM C1_T15_DELAY ENTRY_MANAGEMENT__NONE 136 0 1.51
USDRUBF MOMENTUM C1_T15_DELAY ENTRY_MANAGEMENT__M30 65 0 2.49
USDRUBF MOMENTUM C1_T15_DELAY ENTRY_MANAGEMENT__H1 21 0 -0.14
USDRUBF MOMENTUM C1_T15_DELAY FULL_M5__NONE 25 0 -0.59
USDRUBF MOMENTUM C1_T15_DELAY FULL_M5__M30 17 0 -0.67
USDRUBF MOMENTUM C1_T15_DELAY FULL_M5__H1 10 0 -0.25
CNYRUBF MOMENTUM C1_T10 FROZEN_V2__NONE 313 13 -3.154
CNYRUBF MOMENTUM C1_T10 FROZEN_V2__M30 123 3 -0.684
CNYRUBF MOMENTUM C1_T10 ENTRY_MANAGEMENT__NONE 58 0 -0.111
CNYRUBF MOMENTUM C1_T10 ENTRY_MANAGEMENT__M30 26 0 0.051
CNYRUBF MOMENTUM C1_T10 ENTRY_MANAGEMENT__H1 10 0 -0.050
CNYRUBF MOMENTUM C1_T10 FULL_M5__NONE 11 0 -0.036
CNYRUBF MOMENTUM C1_T10 FULL_M5__M30 8 0 -0.003
CNYRUBF MOMENTUM C1_T10 FULL_M5__H1 5 0 -0.056
CNYRUBF MOMENTUM C1_T15_DELAY FROZEN_V2__NONE 259 9 -2.430
CNYRUBF MOMENTUM C1_T15_DELAY FROZEN_V2__M30 88 0 -0.613
CNYRUBF MOMENTUM C1_T15_DELAY ENTRY_MANAGEMENT__NONE 37 0 -0.113
CNYRUBF MOMENTUM C1_T15_DELAY ENTRY_MANAGEMENT__M30 11 0 -0.060
CNYRUBF MOMENTUM C1_T15_DELAY ENTRY_MANAGEMENT__H1 2 0 0.031
CNYRUBF MOMENTUM C1_T15_DELAY FULL_M5__NONE 6 0 -0.018
CNYRUBF MOMENTUM C1_T15_DELAY FULL_M5__M30 4 0 0.004
CNYRUBF MOMENTUM C1_T15_DELAY FULL_M5__H1 1 0 -0.002
GLDRUBF MOMENTUM C1_T10 FROZEN_V2__NONE 147 21 60.4
GLDRUBF MOMENTUM C1_T10 FROZEN_V2__M30 61 8 -42.9
GLDRUBF MOMENTUM C1_T10 ENTRY_MANAGEMENT__NONE 39 6 94.1
GLDRUBF MOMENTUM C1_T10 ENTRY_MANAGEMENT__M30 17 3 54.5
GLDRUBF MOMENTUM C1_T10 ENTRY_MANAGEMENT__H1 4 0 1.4
GLDRUBF MOMENTUM C1_T10 FULL_M5__NONE 7 0 83.1
GLDRUBF MOMENTUM C1_T10 FULL_M5__M30 5 0 68.9
GLDRUBF MOMENTUM C1_T10 FULL_M5__H1 1 0 -5.2
GLDRUBF MOMENTUM C1_T15_DELAY FROZEN_V2__NONE 129 25 -149.4
GLDRUBF MOMENTUM C1_T15_DELAY FROZEN_V2__M30 59 12 -129.8
GLDRUBF MOMENTUM C1_T15_DELAY ENTRY_MANAGEMENT__NONE 33 7 34.8
GLDRUBF MOMENTUM C1_T15_DELAY ENTRY_MANAGEMENT__M30 13 3 16.1
GLDRUBF MOMENTUM C1_T15_DELAY ENTRY_MANAGEMENT__H1 5 1 -1.5
GLDRUBF MOMENTUM C1_T15_DELAY FULL_M5__NONE 8 0 9.3
GLDRUBF MOMENTUM C1_T15_DELAY FULL_M5__M30 3 0 -5.7
GLDRUBF MOMENTUM C1_T15_DELAY FULL_M5__H1 3 0 -10.7
IMOEXF MOMENTUM C1_T10 FROZEN_V2__NONE 23 2 -49.5
IMOEXF MOMENTUM C1_T10 FROZEN_V2__M30 13 2 -26.0
IMOEXF MOMENTUM C1_T10 ENTRY_MANAGEMENT__NONE 4 1 -12.5
IMOEXF MOMENTUM C1_T10 ENTRY_MANAGEMENT__M30 3 1 -13.0
IMOEXF MOMENTUM C1_T10 ENTRY_MANAGEMENT__H1 1 1 None
IMOEXF MOMENTUM C1_T10 FULL_M5__NONE 2 0 1.0
IMOEXF MOMENTUM C1_T10 FULL_M5__M30 0 0 None
IMOEXF MOMENTUM C1_T10 FULL_M5__H1 0 0 None
IMOEXF MOMENTUM C1_T15_DELAY FROZEN_V2__NONE 28 4 -64.0
IMOEXF MOMENTUM C1_T15_DELAY FROZEN_V2__M30 13 2 -14.0
IMOEXF MOMENTUM C1_T15_DELAY ENTRY_MANAGEMENT__NONE 5 0 -16.5
IMOEXF MOMENTUM C1_T15_DELAY ENTRY_MANAGEMENT__M30 3 0 -7.5
IMOEXF MOMENTUM C1_T15_DELAY ENTRY_MANAGEMENT__H1 0 0 None
IMOEXF MOMENTUM C1_T15_DELAY FULL_M5__NONE 0 0 None
IMOEXF MOMENTUM C1_T15_DELAY FULL_M5__M30 0 0 None
IMOEXF MOMENTUM C1_T15_DELAY FULL_M5__H1 0 0 None
